=== RUN   TestScopedHNSWMediumProfile
2026/07/15 18:41:04 OK   00001_initial.sql (16.18ms)
2026/07/15 18:41:04 OK   00002_workspace_runtime.sql (14.68ms)
2026/07/15 18:41:04 OK   00003_governed_memory_origin.sql (566.08µs)
2026/07/15 18:41:04 OK   00004_conversation_continuity.sql (3.77ms)
2026/07/15 18:41:04 OK   00005_conversation_turns.sql (1.99ms)
2026/07/15 18:41:04 OK   00006_global_defaults.sql (1.36ms)
2026/07/15 18:41:04 OK   00007_durable_bridges.sql (6.98ms)
2026/07/15 18:41:04 OK   00008_conversation_turn_fingerprints.sql (1.12ms)
2026/07/15 18:41:04 OK   00009_identity_authorization_rls.sql (15.46ms)
2026/07/15 18:41:04 OK   00010_source_conflict_candidates.sql (883.42µs)
2026/07/15 18:41:04 OK   00011_source_match_decisions.sql (2.84ms)
2026/07/15 18:41:04 OK   00012_source_match_continuity_fks.sql (2.94ms)
2026/07/15 18:41:04 OK   00013_source_document_formation.sql (7.97ms)
2026/07/15 18:41:04 OK   00014_production_retrieval_runtime.sql (20.97ms)
2026/07/15 18:41:04 OK   00015_retrieval_profile_migration.sql (3.03ms)
2026/07/15 18:41:04 goose: successfully migrated database to version: 15
    scoped_hnsw_profile_test.go:91: scoped HNSW medium result={"database_size_bytes":186627775,"degraded_queries":0,"effective_vector_queries":200,"query_p50_ms":22,"query_p95_ms":48,"query_p99_ms":55,"query_samples":200,"vector_snapshot_ms":85873}
--- PASS: TestScopedHNSWMediumProfile (89.48s)
PASS
ok  	vermory/internal/runtime	89.824s
