=== RUN   TestVectorProjectionCurrentScaleProfile
2026/07/15 19:26:52 OK   00001_initial.sql (11.54ms)
2026/07/15 19:26:52 OK   00002_workspace_runtime.sql (11.26ms)
2026/07/15 19:26:52 OK   00003_governed_memory_origin.sql (553.29µs)
2026/07/15 19:26:52 OK   00004_conversation_continuity.sql (3.38ms)
2026/07/15 19:26:52 OK   00005_conversation_turns.sql (1.98ms)
2026/07/15 19:26:52 OK   00006_global_defaults.sql (1.27ms)
2026/07/15 19:26:53 OK   00007_durable_bridges.sql (6.21ms)
2026/07/15 19:26:53 OK   00008_conversation_turn_fingerprints.sql (1.46ms)
2026/07/15 19:26:53 OK   00009_identity_authorization_rls.sql (13.05ms)
2026/07/15 19:26:53 OK   00010_source_conflict_candidates.sql (810.96µs)
2026/07/15 19:26:53 OK   00011_source_match_decisions.sql (2.77ms)
2026/07/15 19:26:53 OK   00012_source_match_continuity_fks.sql (2.57ms)
2026/07/15 19:26:53 OK   00013_source_document_formation.sql (4.77ms)
2026/07/15 19:26:53 OK   00014_production_retrieval_runtime.sql (14.19ms)
2026/07/15 19:26:53 OK   00015_retrieval_profile_migration.sql (2.76ms)
2026/07/15 19:26:53 goose: successfully migrated database to version: 15
    vector_degradation_profile_test.go:118: vector current control evidence={"database_size_bytes":1728173759,"degraded_queries":0,"effective_vector_queries":550,"query_p50_ms":134,"query_p95_ms":248,"query_p99_ms":287,"query_samples":550,"vector_snapshot_ms":352484}
--- PASS: TestVectorProjectionCurrentScaleProfile (366.82s)
PASS
ok  	vermory/internal/runtime	367.793s
