=== RUN   TestScopedHNSWMediumProfile
2026/07/15 18:38:48 OK   00001_initial.sql (10.57ms)
2026/07/15 18:38:48 OK   00002_workspace_runtime.sql (10.29ms)
2026/07/15 18:38:48 OK   00003_governed_memory_origin.sql (597.96µs)
2026/07/15 18:38:48 OK   00004_conversation_continuity.sql (3.35ms)
2026/07/15 18:38:48 OK   00005_conversation_turns.sql (1.9ms)
2026/07/15 18:38:48 OK   00006_global_defaults.sql (1.04ms)
2026/07/15 18:38:48 OK   00007_durable_bridges.sql (5.81ms)
2026/07/15 18:38:48 OK   00008_conversation_turn_fingerprints.sql (928.25µs)
2026/07/15 18:38:48 OK   00009_identity_authorization_rls.sql (12.35ms)
2026/07/15 18:38:48 OK   00010_source_conflict_candidates.sql (731.04µs)
2026/07/15 18:38:48 OK   00011_source_match_decisions.sql (2.75ms)
2026/07/15 18:38:48 OK   00012_source_match_continuity_fks.sql (2.55ms)
2026/07/15 18:38:48 OK   00013_source_document_formation.sql (5.04ms)
2026/07/15 18:38:48 OK   00014_production_retrieval_runtime.sql (14.06ms)
2026/07/15 18:38:48 OK   00015_retrieval_profile_migration.sql (2.29ms)
2026/07/15 18:38:48 goose: successfully migrated database to version: 15
    scoped_hnsw_profile_test.go:89: fixture did not use the HNSW index:
        Limit
          ->  Sort
                Sort Key: ((embedding <=> '[0,0,0,0,0,0,0,0,0,0,0,0,0,0,0,0,0,0,0,0,0,0,0,0,0,0,0,0,0,0,0,0,0,0,0.4773519,0,0,0,0,0,0,0,0,0,0,0,0,0.034843206,0,0,0,0,0,0,0,0,0,0.73519164,0,0.31707317,0,0,0,0,0,0,0,0,0,0,0,0,0,0,0,0,0,0,0,0,0,0,0,0,0.40418118,0,0,0,0,0,0,0,0,0,0,0.4425087,0,0,0,0,0,0,0,0.40418118,0,0,0,0,0,0,0,0.7456446,0,0,0,0,0,0,0,0,0,0,0,0,0,0,0,0,0,0,0,0,0,0,0,0.18118466,0,0,0,0,0,0,0,0,0,0,0,0,0,0,0,0,0,0,0,0,0,0,0,0,0,0,0,0,0,0,0,0,0,0,0,0,0,0,0,0,0,0,0,0.07665505,0,0,0,0.2369338,0,0,0,0,0,0,0,0,0,0,0,0.41811848,0,0,0,0,0,0,0,0,0,0,0,0.4076655,0,0.5958188,0,0,0,0,0,0,0,0,0,0,0,0,0,0,0,0,0,0,0.4773519,0,0,0,0,0,0.4250871,0,0,0,0,0,0,0,0,0,0,0,0,0,0,0,0,0,0.41463414,0,0,0,0,0,0,0,0,0,0,0,0,0,0,0,0,0,0,0,0,0,0,0,0,0,0,0,0,0,0,0,0,0,0.74912894,0,0,0,0,0,0.034843206,0,0,0,0,0,0,0,0,0,0.73867595,0,0.6759582,0,0,0,0,0,0,0,0,0,0,0,0,0,0,0,0,0,0,0,0,0,0,0.4599303,0,0,0,0,0,0,0,0,0,0,0,0,0,0,0,0,0,0,0.16724738,0,0,0,0,0,0,0,0,0.456446,0,0,0,0,0,0,0,0,0,0,0,0,0,0,0,0,0,0,0,0,0,0,0,0,0,0,0,0,0,0,0,0,0,0,0,0,0,0.6968641,0,0,0,0,0,0,0,0,0,0,0,0,0,0,0,0,0,0,0,0,0,0,0,0,0,0,0,0,0.68989545,0,0,0,0.70383275,0,0,0,0,0,0,0,0,0,0.31010452,0,0,0,0,0,0,0,0,0,0,0,0,0,0,0,0,0,0,0,0,0,0,0,0,0,0.8292683,0,0,0,0,0,0,0,0,0,0,0,0,0,0,0,0,0,0,0,0,0,0,0,0,0,0,0,0,0,0,0,0,0,0.21602787,0.4216028,0,0,0,0,0,0,0,0,0,0,0,0,0,0,0,0,0,0,0,0,0,0,0,0,0,0,0,0,0,0,0,0,0,0,0,0,0,0,0,0,0,0,0,0,0.21602787,0,0,0,0,0,0,0,0,0,0,0,0,0,0,0,0,0,0.05574913,0.18118466,0,0,0,0,0,0,0,0,0,0,0,0,0,0,0,0,0,0,0,0,0,0,0,0,0,0,0,0,0,0,0,0.7804878,0,0,0,0,0,0,0,0,0,0,0.43205574,0,0,0,0,0,0,0,0,0.8327526,0,0,0,0,0,0,0,0,0,0,0,0,0,0,0,0,0,0,0,0,0,0,0,0,0,0,0,0,0,0,0,0,0,0,0,0,0,0,0,0,0,0,0,0,0,0,0,0,0,0,0,0,0.12543555,0,0,0,0,0,0,0,0,0,0,0,0,0.5156794,0,0,0,0.013937282,0,0.1533101,0,0,0,0,0,0,0,0,0.7456446,0,0,0,0,0,0,0,0,0,0,0,0,0,0,0,0,0,0,0,0,0,0,0,0.8292683,0,0,0,0,0,0,0,0,0.8606272,0.81881535,0,0,0,0,0,0,0,0.17073171,0,0,0,0.73867595,0,0,0,0.5087108,0,0,0,0,0,0,0,0,0,0,0,0,0,0.5609756,0,0,0,0,0,0,0,0,0,0,0,0,0,0,0,0.13240418,0,0,0,0,0,0,0,0,0,0,0,0,0,0,0,0,0,0,0,0,0,0,0,0,0,0,0,0,0,0,0,0,0,0.67247385,0,0,0,0,0,0,0,0,0,0,0,0,0,0,0,0,0,0,0,0,0,0,0,0,0,0,0,0,0,0,0,0,0.36585367,0,0,0,0,1.0487804,0,0,0,0,0,0,0,0,0,0,0,0,0,0,0,0,0,0,0,0,0,0,0,0,0,0,0,0,0,0,0,0,0,0,0,0,0,0,0,0,0,0,0,0,0,0,0,0,0,0,0.27874565,0,0,0,0,0,0,0,0,0,0,0,0,0,0,0,0,0,0,0,0,0,0,0,0,0,0,0,0,0,0,0,0,0,0,0,0,0,0,0,0,0,0,0,0,0,0,0,0,0,0,0,0,0.6062718,0,0.4947735,0,0,0,0,0.2891986,0,0,0,0,0.78745645,0,0,0,0,0,0,0,0,0,0,0,0,0,0.37979093,0,0,0,0,0,0,0,0,0,0,0,0,0,0,0,0,0,0,0,0,0,0,0,0,0,0,0,0,0,0,0,0,0,0.38327527,0,0,0,0,0,0.08362369,0,0,0,0,0,0,0]'::vector)), memory_id
                ->  Bitmap Heap Scan on memory_vector_documents document
                      Recheck Cond: ((profile_id = 'siliconflow-bge-m3-1024-v1'::text) AND (tenant_id = 'w12-tenant-00'::text))
                      Filter: (continuity_id = 'a343dac0-eaec-45ab-aeae-6f7d222aee8f'::uuid)
                      ->  Bitmap Index Scan on memory_vector_documents_pkey
                            Index Cond: ((profile_id = 'siliconflow-bge-m3-1024-v1'::text) AND (tenant_id = 'w12-tenant-00'::text))
--- FAIL: TestScopedHNSWMediumProfile (84.32s)
FAIL
FAIL	vermory/internal/runtime	85.342s
FAIL
