=== RUN   TestScopedHNSWRecallProfile
2026/07/15 18:51:45 OK   00001_initial.sql (11.59ms)
2026/07/15 18:51:45 OK   00002_workspace_runtime.sql (11.37ms)
2026/07/15 18:51:45 OK   00003_governed_memory_origin.sql (486.21µs)
2026/07/15 18:51:45 OK   00004_conversation_continuity.sql (3.56ms)
2026/07/15 18:51:45 OK   00005_conversation_turns.sql (1.86ms)
2026/07/15 18:51:45 OK   00006_global_defaults.sql (1.29ms)
2026/07/15 18:51:45 OK   00007_durable_bridges.sql (6.39ms)
2026/07/15 18:51:45 OK   00008_conversation_turn_fingerprints.sql (972.13µs)
2026/07/15 18:51:46 OK   00009_identity_authorization_rls.sql (13.44ms)
2026/07/15 18:51:46 OK   00010_source_conflict_candidates.sql (761.46µs)
2026/07/15 18:51:46 OK   00011_source_match_decisions.sql (2.75ms)
2026/07/15 18:51:46 OK   00012_source_match_continuity_fks.sql (2.61ms)
2026/07/15 18:51:46 OK   00013_source_document_formation.sql (4.91ms)
2026/07/15 18:51:46 OK   00014_production_retrieval_runtime.sql (15.58ms)
2026/07/15 18:51:46 OK   00015_retrieval_profile_migration.sql (2.74ms)
2026/07/15 18:51:46 goose: successfully migrated database to version: 15
    scoped_hnsw_profile_test.go:106: fixture did not use the HNSW index:
        Limit
          ->  Incremental Sort
                Sort Key: ((document.embedding <=> '[0,0,0,0,0,0,0,0,0,0,0,0,0,0,0,0,0,0,0,0,0,0,0,0,0,0,0,0,0,0,0,0,0,0,0.4773519,0,0,0,0,0,0,0,0,0,0,0,0,0.034843206,0,0,0,0,0,0,0,0,0,0.73519164,0,0.31707317,0,0,0,0,0,0,0,0,0,0,0,0,0,0,0,0,0,0,0,0,0,0,0,0,0.40418118,0,0,0,0,0,0,0,0,0,0,0.4425087,0,0,0,0,0,0,0,0.40418118,0,0,0,0,0,0,0,0.7456446,0,0,0,0,0,0,0,0,0,0,0,0,0,0,0,0,0,0,0,0,0,0,0,0.18118466,0,0,0,0,0,0,0,0,0,0,0,0,0,0,0,0,0,0,0,0,0,0,0,0,0,0,0,0,0,0,0,0,0,0,0,0,0,0,0,0,0,0,0,0.07665505,0,0,0,0.2369338,0,0,0,0,0,0,0,0,0,0,0,0.41811848,0,0,0,0,0,0,0,0,0,0,0,0.4076655,0,0.5958188,0,0,0,0,0,0,0,0,0,0,0,0,0,0,0,0,0,0,0.4773519,0,0,0,0,0,0.4250871,0,0,0,0,0,0,0,0,0,0,0,0,0,0,0,0,0,0.41463414,0,0,0,0,0,0,0,0,0,0,0,0,0,0,0,0,0,0,0,0,0,0,0,0,0,0,0,0,0,0,0,0,0,0.74912894,0,0,0,0,0,0.034843206,0,0,0,0,0,0,0,0,0,0.73867595,0,0.6759582,0,0,0,0,0,0,0,0,0,0,0,0,0,0,0,0,0,0,0,0,0,0,0.4599303,0,0,0,0,0,0,0,0,0,0,0,0,0,0,0,0,0,0,0.16724738,0,0,0,0,0,0,0,0,0.456446,0,0,0,0,0,0,0,0,0,0,0,0,0,0,0,0,0,0,0,0,0,0,0,0,0,0,0,0,0,0,0,0,0,0,0,0,0,0.6968641,0,0,0,0,0,0,0,0,0,0,0,0,0,0,0,0,0,0,0,0,0,0,0,0,0,0,0,0,0.68989545,0,0,0,0.70383275,0,0,0,0,0,0,0,0,0,0.31010452,0,0,0,0,0,0,0,0,0,0,0,0,0,0,0,0,0,0,0,0,0,0,0,0,0,0.8292683,0,0,0,0,0,0,0,0,0,0,0,0,0,0,0,0,0,0,0,0,0,0,0,0,0,0,0,0,0,0,0,0,0,0.21602787,0.4216028,0,0,0,0,0,0,0,0,0,0,0,0,0,0,0,0,0,0,0,0,0,0,0,0,0,0,0,0,0,0,0,0,0,0,0,0,0,0,0,0,0,0,0,0,0.21602787,0,0,0,0,0,0,0,0,0,0,0,0,0,0,0,0,0,0.05574913,0.18118466,0,0,0,0,0,0,0,0,0,0,0,0,0,0,0,0,0,0,0,0,0,0,0,0,0,0,0,0,0,0,0,0.7804878,0,0,0,0,0,0,0,0,0,0,0.43205574,0,0,0,0,0,0,0,0,0.8327526,0,0,0,0,0,0,0,0,0,0,0,0,0,0,0,0,0,0,0,0,0,0,0,0,0,0,0,0,0,0,0,0,0,0,0,0,0,0,0,0,0,0,0,0,0,0,0,0,0,0,0,0,0.12543555,0,0,0,0,0,0,0,0,0,0,0,0,0.5156794,0,0,0,0.013937282,0,0.1533101,0,0,0,0,0,0,0,0,0.7456446,0,0,0,0,0,0,0,0,0,0,0,0,0,0,0,0,0,0,0,0,0,0,0,0.8292683,0,0,0,0,0,0,0,0,0.8606272,0.81881535,0,0,0,0,0,0,0,0.17073171,0,0,0,0.73867595,0,0,0,0.5087108,0,0,0,0,0,0,0,0,0,0,0,0,0,0.5609756,0,0,0,0,0,0,0,0,0,0,0,0,0,0,0,0.13240418,0,0,0,0,0,0,0,0,0,0,0,0,0,0,0,0,0,0,0,0,0,0,0,0,0,0,0,0,0,0,0,0,0,0.67247385,0,0,0,0,0,0,0,0,0,0,0,0,0,0,0,0,0,0,0,0,0,0,0,0,0,0,0,0,0,0,0,0,0.36585367,0,0,0,0,1.0487804,0,0,0,0,0,0,0,0,0,0,0,0,0,0,0,0,0,0,0,0,0,0,0,0,0,0,0,0,0,0,0,0,0,0,0,0,0,0,0,0,0,0,0,0,0,0,0,0,0,0,0.27874565,0,0,0,0,0,0,0,0,0,0,0,0,0,0,0,0,0,0,0,0,0,0,0,0,0,0,0,0,0,0,0,0,0,0,0,0,0,0,0,0,0,0,0,0,0,0,0,0,0,0,0,0,0.6062718,0,0.4947735,0,0,0,0,0.2891986,0,0,0,0,0.78745645,0,0,0,0,0,0,0,0,0,0,0,0,0,0.37979093,0,0,0,0,0,0,0,0,0,0,0,0,0,0,0,0,0,0,0,0,0,0,0,0,0,0,0,0,0,0,0,0,0,0.38327527,0,0,0,0,0,0.08362369,0,0,0,0,0,0,0]'::vector)), (CASE origin.observation_kind WHEN 'user_correction'::text THEN 4 WHEN 'user_confirmation'::text THEN 4 WHEN 'source_update'::text THEN 3 WHEN 'bridge_promote'::text THEN 2 ELSE 1 END) DESC, memory.id
                Presorted Key: ((document.embedding <=> '[0,0,0,0,0,0,0,0,0,0,0,0,0,0,0,0,0,0,0,0,0,0,0,0,0,0,0,0,0,0,0,0,0,0,0.4773519,0,0,0,0,0,0,0,0,0,0,0,0,0.034843206,0,0,0,0,0,0,0,0,0,0.73519164,0,0.31707317,0,0,0,0,0,0,0,0,0,0,0,0,0,0,0,0,0,0,0,0,0,0,0,0,0.40418118,0,0,0,0,0,0,0,0,0,0,0.4425087,0,0,0,0,0,0,0,0.40418118,0,0,0,0,0,0,0,0.7456446,0,0,0,0,0,0,0,0,0,0,0,0,0,0,0,0,0,0,0,0,0,0,0,0.18118466,0,0,0,0,0,0,0,0,0,0,0,0,0,0,0,0,0,0,0,0,0,0,0,0,0,0,0,0,0,0,0,0,0,0,0,0,0,0,0,0,0,0,0,0.07665505,0,0,0,0.2369338,0,0,0,0,0,0,0,0,0,0,0,0.41811848,0,0,0,0,0,0,0,0,0,0,0,0.4076655,0,0.5958188,0,0,0,0,0,0,0,0,0,0,0,0,0,0,0,0,0,0,0.4773519,0,0,0,0,0,0.4250871,0,0,0,0,0,0,0,0,0,0,0,0,0,0,0,0,0,0.41463414,0,0,0,0,0,0,0,0,0,0,0,0,0,0,0,0,0,0,0,0,0,0,0,0,0,0,0,0,0,0,0,0,0,0.74912894,0,0,0,0,0,0.034843206,0,0,0,0,0,0,0,0,0,0.73867595,0,0.6759582,0,0,0,0,0,0,0,0,0,0,0,0,0,0,0,0,0,0,0,0,0,0,0.4599303,0,0,0,0,0,0,0,0,0,0,0,0,0,0,0,0,0,0,0.16724738,0,0,0,0,0,0,0,0,0.456446,0,0,0,0,0,0,0,0,0,0,0,0,0,0,0,0,0,0,0,0,0,0,0,0,0,0,0,0,0,0,0,0,0,0,0,0,0,0.6968641,0,0,0,0,0,0,0,0,0,0,0,0,0,0,0,0,0,0,0,0,0,0,0,0,0,0,0,0,0.68989545,0,0,0,0.70383275,0,0,0,0,0,0,0,0,0,0.31010452,0,0,0,0,0,0,0,0,0,0,0,0,0,0,0,0,0,0,0,0,0,0,0,0,0,0.8292683,0,0,0,0,0,0,0,0,0,0,0,0,0,0,0,0,0,0,0,0,0,0,0,0,0,0,0,0,0,0,0,0,0,0.21602787,0.4216028,0,0,0,0,0,0,0,0,0,0,0,0,0,0,0,0,0,0,0,0,0,0,0,0,0,0,0,0,0,0,0,0,0,0,0,0,0,0,0,0,0,0,0,0,0.21602787,0,0,0,0,0,0,0,0,0,0,0,0,0,0,0,0,0,0.05574913,0.18118466,0,0,0,0,0,0,0,0,0,0,0,0,0,0,0,0,0,0,0,0,0,0,0,0,0,0,0,0,0,0,0,0.7804878,0,0,0,0,0,0,0,0,0,0,0.43205574,0,0,0,0,0,0,0,0,0.8327526,0,0,0,0,0,0,0,0,0,0,0,0,0,0,0,0,0,0,0,0,0,0,0,0,0,0,0,0,0,0,0,0,0,0,0,0,0,0,0,0,0,0,0,0,0,0,0,0,0,0,0,0,0.12543555,0,0,0,0,0,0,0,0,0,0,0,0,0.5156794,0,0,0,0.013937282,0,0.1533101,0,0,0,0,0,0,0,0,0.7456446,0,0,0,0,0,0,0,0,0,0,0,0,0,0,0,0,0,0,0,0,0,0,0,0.8292683,0,0,0,0,0,0,0,0,0.8606272,0.81881535,0,0,0,0,0,0,0,0.17073171,0,0,0,0.73867595,0,0,0,0.5087108,0,0,0,0,0,0,0,0,0,0,0,0,0,0.5609756,0,0,0,0,0,0,0,0,0,0,0,0,0,0,0,0.13240418,0,0,0,0,0,0,0,0,0,0,0,0,0,0,0,0,0,0,0,0,0,0,0,0,0,0,0,0,0,0,0,0,0,0.67247385,0,0,0,0,0,0,0,0,0,0,0,0,0,0,0,0,0,0,0,0,0,0,0,0,0,0,0,0,0,0,0,0,0.36585367,0,0,0,0,1.0487804,0,0,0,0,0,0,0,0,0,0,0,0,0,0,0,0,0,0,0,0,0,0,0,0,0,0,0,0,0,0,0,0,0,0,0,0,0,0,0,0,0,0,0,0,0,0,0,0,0,0,0.27874565,0,0,0,0,0,0,0,0,0,0,0,0,0,0,0,0,0,0,0,0,0,0,0,0,0,0,0,0,0,0,0,0,0,0,0,0,0,0,0,0,0,0,0,0,0,0,0,0,0,0,0,0,0.6062718,0,0.4947735,0,0,0,0,0.2891986,0,0,0,0,0.78745645,0,0,0,0,0,0,0,0,0,0,0,0,0,0.37979093,0,0,0,0,0,0,0,0,0,0,0,0,0,0,0,0,0,0,0,0,0,0,0,0,0,0,0,0,0,0,0,0,0,0.38327527,0,0,0,0,0,0.08362369,0,0,0,0,0,0,0]'::vector))
                ->  Nested Loop
                      ->  Limit
                            ->  Sort
                                  Sort Key: ((document.embedding <=> '[0,0,0,0,0,0,0,0,0,0,0,0,0,0,0,0,0,0,0,0,0,0,0,0,0,0,0,0,0,0,0,0,0,0,0.4773519,0,0,0,0,0,0,0,0,0,0,0,0,0.034843206,0,0,0,0,0,0,0,0,0,0.73519164,0,0.31707317,0,0,0,0,0,0,0,0,0,0,0,0,0,0,0,0,0,0,0,0,0,0,0,0,0.40418118,0,0,0,0,0,0,0,0,0,0,0.4425087,0,0,0,0,0,0,0,0.40418118,0,0,0,0,0,0,0,0.7456446,0,0,0,0,0,0,0,0,0,0,0,0,0,0,0,0,0,0,0,0,0,0,0,0.18118466,0,0,0,0,0,0,0,0,0,0,0,0,0,0,0,0,0,0,0,0,0,0,0,0,0,0,0,0,0,0,0,0,0,0,0,0,0,0,0,0,0,0,0,0.07665505,0,0,0,0.2369338,0,0,0,0,0,0,0,0,0,0,0,0.41811848,0,0,0,0,0,0,0,0,0,0,0,0.4076655,0,0.5958188,0,0,0,0,0,0,0,0,0,0,0,0,0,0,0,0,0,0,0.4773519,0,0,0,0,0,0.4250871,0,0,0,0,0,0,0,0,0,0,0,0,0,0,0,0,0,0.41463414,0,0,0,0,0,0,0,0,0,0,0,0,0,0,0,0,0,0,0,0,0,0,0,0,0,0,0,0,0,0,0,0,0,0.74912894,0,0,0,0,0,0.034843206,0,0,0,0,0,0,0,0,0,0.73867595,0,0.6759582,0,0,0,0,0,0,0,0,0,0,0,0,0,0,0,0,0,0,0,0,0,0,0.4599303,0,0,0,0,0,0,0,0,0,0,0,0,0,0,0,0,0,0,0.16724738,0,0,0,0,0,0,0,0,0.456446,0,0,0,0,0,0,0,0,0,0,0,0,0,0,0,0,0,0,0,0,0,0,0,0,0,0,0,0,0,0,0,0,0,0,0,0,0,0.6968641,0,0,0,0,0,0,0,0,0,0,0,0,0,0,0,0,0,0,0,0,0,0,0,0,0,0,0,0,0.68989545,0,0,0,0.70383275,0,0,0,0,0,0,0,0,0,0.31010452,0,0,0,0,0,0,0,0,0,0,0,0,0,0,0,0,0,0,0,0,0,0,0,0,0,0.8292683,0,0,0,0,0,0,0,0,0,0,0,0,0,0,0,0,0,0,0,0,0,0,0,0,0,0,0,0,0,0,0,0,0,0.21602787,0.4216028,0,0,0,0,0,0,0,0,0,0,0,0,0,0,0,0,0,0,0,0,0,0,0,0,0,0,0,0,0,0,0,0,0,0,0,0,0,0,0,0,0,0,0,0,0.21602787,0,0,0,0,0,0,0,0,0,0,0,0,0,0,0,0,0,0.05574913,0.18118466,0,0,0,0,0,0,0,0,0,0,0,0,0,0,0,0,0,0,0,0,0,0,0,0,0,0,0,0,0,0,0,0.7804878,0,0,0,0,0,0,0,0,0,0,0.43205574,0,0,0,0,0,0,0,0,0.8327526,0,0,0,0,0,0,0,0,0,0,0,0,0,0,0,0,0,0,0,0,0,0,0,0,0,0,0,0,0,0,0,0,0,0,0,0,0,0,0,0,0,0,0,0,0,0,0,0,0,0,0,0,0.12543555,0,0,0,0,0,0,0,0,0,0,0,0,0.5156794,0,0,0,0.013937282,0,0.1533101,0,0,0,0,0,0,0,0,0.7456446,0,0,0,0,0,0,0,0,0,0,0,0,0,0,0,0,0,0,0,0,0,0,0,0.8292683,0,0,0,0,0,0,0,0,0.8606272,0.81881535,0,0,0,0,0,0,0,0.17073171,0,0,0,0.73867595,0,0,0,0.5087108,0,0,0,0,0,0,0,0,0,0,0,0,0,0.5609756,0,0,0,0,0,0,0,0,0,0,0,0,0,0,0,0.13240418,0,0,0,0,0,0,0,0,0,0,0,0,0,0,0,0,0,0,0,0,0,0,0,0,0,0,0,0,0,0,0,0,0,0.67247385,0,0,0,0,0,0,0,0,0,0,0,0,0,0,0,0,0,0,0,0,0,0,0,0,0,0,0,0,0,0,0,0,0.36585367,0,0,0,0,1.0487804,0,0,0,0,0,0,0,0,0,0,0,0,0,0,0,0,0,0,0,0,0,0,0,0,0,0,0,0,0,0,0,0,0,0,0,0,0,0,0,0,0,0,0,0,0,0,0,0,0,0,0.27874565,0,0,0,0,0,0,0,0,0,0,0,0,0,0,0,0,0,0,0,0,0,0,0,0,0,0,0,0,0,0,0,0,0,0,0,0,0,0,0,0,0,0,0,0,0,0,0,0,0,0,0,0,0.6062718,0,0.4947735,0,0,0,0,0.2891986,0,0,0,0,0.78745645,0,0,0,0,0,0,0,0,0,0,0,0,0,0.37979093,0,0,0,0,0,0,0,0,0,0,0,0,0,0,0,0,0,0,0,0,0,0,0,0,0,0,0,0,0,0,0,0,0,0.38327527,0,0,0,0,0,0.08362369,0,0,0,0,0,0,0]'::vector)), document.memory_id
                                  ->  Nested Loop
                                        ->  Nested Loop
                                              ->  Index Scan using memory_vector_documents_scope_idx on memory_vector_documents document
                                                    Index Cond: ((profile_id = 'siliconflow-bge-m3-1024-v1'::text) AND (tenant_id = 'w12-tenant-00'::text) AND (continuity_id = ANY ('{6ab9cfab-620f-46c9-8669-06203a43cd07}'::uuid[])))
                                              ->  Index Scan using governed_memories_pkey on governed_memories memory_1
                                                    Index Cond: (id = document.memory_id)
                                                    Filter: (tenant_id = 'w12-tenant-00'::text)
                                        ->  Index Scan using observations_pkey on observations origin
                                              Index Cond: (id = memory_1.origin_observation_id)
                                              Filter: (tenant_id = 'w12-tenant-00'::text)
                      ->  Index Scan using governed_memories_tenant_id_id_key on governed_memories memory
                            Index Cond: ((tenant_id = 'w12-tenant-00'::text) AND (id = document.memory_id))
                            Filter: ((continuity_id = ANY ('{6ab9cfab-620f-46c9-8669-06203a43cd07}'::uuid[])) AND (content <> '[redacted]'::text) AND (memory_kind = 'fact'::text) AND (lifecycle_status = 'active'::text) AND (document.content_sha256 = encode(digest(convert_to(content, 'UTF8'::name), 'sha256'::text), 'hex'::text)))
--- FAIL: TestScopedHNSWRecallProfile (323.27s)
FAIL
FAIL	vermory/internal/runtime	323.590s
FAIL
